options=object
findMe=true
this.nameArgs=md5vel:contextAndOptionsAfter
